<html>
<body>
<pre>
<h1>µVision Build Log</h1>
<h2>Tool Versions:</h2>
IDE-Version: ¦ÌVision V5.18.0.0
Copyright (C) 2016 ARM Ltd and ARM Germany GmbH. All rights reserved.
License Information: 1 1, 1, LIC=----
 
Tool Versions:
Toolchain:       MDK-ARM Professional  Version: 5.18
Toolchain Path:  G:\KEIl5\ARM\ARMCC\Bin
C Compiler:      Armcc.exe V5.06 update 1 (build 61)
Assembler:       Armasm.exe V5.06 update 1 (build 61)
Linker/Locator:  ArmLink.exe V5.06 update 1 (build 61)
Library Manager: ArmAr.exe V5.06 update 1 (build 61)
Hex Converter:   FromElf.exe V5.06 update 1 (build 61)
CPU DLL:         SARMCM3.DLL V5.18
Dialog DLL:      DCM.DLL V1.13.6.0
Target DLL:      UL2CM3.DLL V1.157.5.0
Dialog DLL:      TCM.DLL V1.14.8.0
 
<h2>Project:</h2>
G:\»úÐµÊÖ\STM32Ô´Âë\OpenArmSTM32.uvproj
Project File Date:  11/30/2022

<h2>Output:</h2>
*** Using Compiler 'V5.06 update 1 (build 61)', folder: 'G:\KEIl5\ARM\ARMCC\Bin'
Rebuild target 'Target 1'
assembling startup_stm32f10x_md.s...
compiling core_cm3.c...
compiling stm32f10x_bkp.c...
compiling misc.c...
compiling stm32f10x_adc.c...
compiling stm32f10x_dbgmcu.c...
compiling stm32f10x_dma.c...
compiling stm32f10x_cec.c...
compiling stm32f10x_dac.c...
compiling stm32f10x_crc.c...
compiling stm32f10x_exti.c...
compiling stm32f10x_can.c...
compiling stm32f10x_flash.c...
compiling stm32f10x_fsmc.c...
compiling stm32f10x_gpio.c...
compiling stm32f10x_iwdg.c...
compiling stm32f10x_i2c.c...
compiling stm32f10x_pwr.c...
compiling stm32f10x_rtc.c...
compiling stm32f10x_spi.c...
compiling stm32f10x_rcc.c...
compiling stm32f10x_sdio.c...
compiling stm32f10x_usart.c...
compiling stm32f10x_tim.c...
compiling stm32f10x_wwdg.c...
compiling main.c...
USER\Bluetooth.h(9): warning:  #1295-D: Deprecated declaration InitEsp8266 - give arg types
  void InitEsp8266();
USER\main.c: 1 warning, 0 errors
compiling stm32f10x_it.c...
compiling PWM.c...
USER\Bluetooth.h(9): warning:  #1295-D: Deprecated declaration InitEsp8266 - give arg types
  void InitEsp8266();
USER\PWM.c(16): warning:  #186-D: pointless comparison of unsigned integer with zero
  	if(id >= 0 && id <= 7 && p >= 500 && p <= 2500)
USER\PWM.c: 2 warnings, 0 errors
compiling system_stm32f10x.c...
compiling PCMsg.c...
USER\Bluetooth.h(9): warning:  #1295-D: Deprecated declaration InitEsp8266 - give arg types
  void InitEsp8266();
USER\PCMsg.c: 1 warning, 0 errors
compiling RobotRun.c...
USER\Bluetooth.h(9): warning:  #1295-D: Deprecated declaration InitEsp8266 - give arg types
  void InitEsp8266();
USER\RobotRun.c: 1 warning, 0 errors
compiling Flash.c...
USER\Bluetooth.h(9): warning:  #1295-D: Deprecated declaration InitEsp8266 - give arg types
  void InitEsp8266();
USER\Flash.c: 1 warning, 0 errors
compiling App.c...
USER\Bluetooth.h(9): warning:  #1295-D: Deprecated declaration InitEsp8266 - give arg types
  void InitEsp8266();
USER\App.c(311): warning:  #177-D: variable "ly" was declared but never referenced
  	uint16 ly, rx,ry;
USER\App.c(311): warning:  #177-D: variable "rx" was declared but never referenced
  	uint16 ly, rx,ry;
USER\App.c(311): warning:  #177-D: variable "ry" was declared but never referenced
  	uint16 ly, rx,ry;
USER\App.c: 4 warnings, 0 errors
compiling PS2GamePad.c...
USER\Bluetooth.h(9): warning:  #1295-D: Deprecated declaration InitEsp8266 - give arg types
  void InitEsp8266();
USER\PS2GamePad.c: 1 warning, 0 errors
compiling Bluetooth.c...
USER\Bluetooth.h(9): warning:  #1295-D: Deprecated declaration InitEsp8266 - give arg types
  void InitEsp8266();
USER\Bluetooth.c(235): warning:  #167-D: argument of type "char *" is incompatible with parameter of type "uint8 *"
  		USART3SendDataPacket(cmd_mode_1,strlen(cmd_mode_1));
USER\Bluetooth.c(237): warning:  #167-D: argument of type "char *" is incompatible with parameter of type "uint8 *"
  		USART3SendDataPacket(cmd_wifi_connect,strlen(cmd_wifi_connect));
USER\Bluetooth.c(239): warning:  #167-D: argument of type "char *" is incompatible with parameter of type "uint8 *"
  		USART3SendDataPacket(cmd_tcp_connect,strlen(cmd_tcp_connect));
USER\Bluetooth.c(241): warning:  #167-D: argument of type "char *" is incompatible with parameter of type "uint8 *"
  		USART3SendDataPacket(cmd_transport,strlen(cmd_transport));
USER\Bluetooth.c(243): warning:  #167-D: argument of type "char *" is incompatible with parameter of type "uint8 *"
  		USART3SendDataPacket(cmd_transport_send,strlen(cmd_transport_send));
USER\Bluetooth.c: 6 warnings, 0 errors
compiling BusServoCtrl.c...
USER\Bluetooth.h(9): warning:  #1295-D: Deprecated declaration InitEsp8266 - give arg types
  void InitEsp8266();
USER\BusServoCtrl.c(74): warning:  #550-D: variable "Res" was set but never used
  	u8 Res;
USER\BusServoCtrl.c: 2 warnings, 0 errors
linking...
Program Size: Code=19396 RO-data=268 RW-data=220 ZI-data=2732  
FromELF: creating hex file...
".\Obj\OpenArmSTM32.axf" - 0 Error(s), 19 Warning(s).
Build Time Elapsed:  00:00:04
</pre>
</body>
</html>
